{
    "ltm": {
        "iapps": [],
        "l7Policies": [],
        "monitors": [
            {
                "interval": 30,
                "name": "default_configmap_0_tcp",
                "send": "GET /",
                "timeout": 20,
                "type": "tcp"
            },
            {
                "interval": 10,
                "name": "default_configmap_1_0_http",
                "send": "GET /",
                "timeout": 5,
                "type": "http"
            }
        ],
        "pools": [
            {
                "members": [
                    {
                        "address": "172.16.0.5",
                        "port": 30008,
                        "session": "user-enabled"
                    },
                    {
                        "address": "172.16.0.6",
                        "port": 30008,
                        "session": "user-enabled"
                    }
                ],
                "monitors": [
                    "/k8s/default_configmap_0_tcp",
                    "/k8s/default_configmap_1_0_http"
                ],
                "name": "default_configmap"
            }
        ],
        "virtualServers": []
    },
    "network": {}
}
